// Jest Snapshot v1, https://goo.gl/fbAQLP

exports[`Search renders the search field 1`] = `
<div>
  <div
    class="flex"
  >
    <div
      class="flex gap-2 h-8 px-2 items-center border border-gray-300 rounded-md"
    >
      <svg
        class="text-gray-500"
        fill="none"
        height="18px"
        stroke="currentColor"
        stroke-width="3"
        viewBox="0 0 24 24"
        width="18px"
      >
        <path
          d="M21 21l-6-6m2-5a7 7 0 11-14 0 7 7 0 0114 0z"
        />
      </svg>
      <input
        class="border-none outline-none"
        placeholder="search by country ..."
        type="search"
        value=""
      />
    </div>
  </div>
</div>
`;
